******************************************************************************
                  TI ARM Linker PC v20.2.7                     
******************************************************************************
>> Linked Tue Mar 12 14:50:35 2024

OUTPUT FILE NAME:   <Week4Lab.out>
ENTRY POINT SYMBOL: "_c_int00_noargs"  address: 00002b9d


MEMORY CONFIGURATION

         name            origin    length      used     unused   attr    fill
----------------------  --------  ---------  --------  --------  ----  --------
  FLASH                 00000000   00040000  000032da  0003cd26  R  X
  SRAM                  20000000   00008000  000008d5  0000772b  RW X


SEGMENT ALLOCATION MAP

run origin  load origin   length   init length attrs members
----------  ----------- ---------- ----------- ----- -------
00000000    00000000    000032e0   000032e0    r-x
  00000000    00000000    0000026c   0000026c    r-- .intvecs
  0000026c    0000026c    00002b76   00002b76    r-x .text
  00002de4    00002de4    000004b0   000004b0    r-- .const
  00003298    00003298    00000048   00000048    r-- .cinit
20000000    20000000    000008dc   00000000    rw-
  20000000    20000000    0000026c   00000000    rw- .vtable
  2000026c    2000026c    00000355   00000000    rw- .bss
  200005c8    200005c8    00000200   00000000    rw- .stack
  200007c8    200007c8    00000100   00000000    rw- .sysmem
  200008c8    200008c8    00000014   00000000    rw- .data


SECTION ALLOCATION MAP

 output                                  attributes/
section   page    origin      length       input sections
--------  ----  ----------  ----------   ----------------
.intvecs   0    00000000    0000026c     
                  00000000    0000026c     tm4c123gh6pm_startup_ccs.obj (.intvecs)

.text      0    0000026c    00002b76     
                  0000026c    00000c84     ustdlib.obj (.text)
                  00000ef0    00000950     OrbitOledGrph.obj (.text)
                  00001840    0000037c     OrbitOled.obj (.text)
                  00001bbc    00000204     OrbitOledChar.obj (.text)
                  00001dc0    000001b0     ADCdemo2.obj (.text)
                  00001f70    0000016c     driverlib.lib : gpio.obj (.text:GPIOPadConfigSet)
                  000020dc    00000118                   : sysctl.obj (.text:SysCtlClockGet)
                  000021f4    00000100     rtsv7M4_T_le_v4SPD16_eabi.lib : memory.c.obj (.text:aligned_alloc)
                  000022f4    000000f4     driverlib.lib : sysctl.obj (.text:SysCtlClockSet)
                  000023e8    000000e4     rtsv7M4_T_le_v4SPD16_eabi.lib : memory.c.obj (.text:free)
                  000024cc    000000b8     circBufT.obj (.text)
                  00002584    0000009c     rtsv7M4_T_le_v4SPD16_eabi.lib : memcpy_t2.asm.obj (.text)
                  00002620    0000007a     driverlib.lib : adc.obj (.text:ADCSequenceStepConfigure)
                  0000269a    0000007a     rtsv7M4_T_le_v4SPD16_eabi.lib : memset_t2.asm.obj (.text)
                  00002714    00000070                                   : memory.c.obj (.text:split)
                  00002784    00000068     driverlib.lib : interrupt.obj (.text:IntEnable)
                  000027ec    00000068     rtsv7M4_T_le_v4SPD16_eabi.lib : copy_decompress_lzss.c.obj (.text:decompress:lzss:__TI_decompress_lzss)
                  00002854    00000060     driverlib.lib : timer.obj (.text:TimerConfigure)
                  000028b4    0000005c     delay.obj (.text)
                  00002910    00000050     driverlib.lib : adc.obj (.text:_ADCIntNumberGet)
                  00002960    0000004c                   : adc.obj (.text:ADCSequenceConfigure)
                  000029ac    0000004c                   : gpio.obj (.text:GPIOPinConfigure)
                  000029f8    00000044     OrbitOLEDInterface.obj (.text)
                  00002a3c    00000044     rtsv7M4_T_le_v4SPD16_eabi.lib : autoinit.c.obj (.text:__TI_auto_init_nobinit_nopinit:__TI_auto_init_nobinit_nopinit)
                  00002a80    00000040                                   : u_divt2.asm.obj (.text)
                  00002ac0    0000003c     driverlib.lib : ssi.obj (.text:SSIConfigSetExpClk)
                  00002afc    00000038     rtsv7M4_T_le_v4SPD16_eabi.lib : memory.c.obj (.text:calloc)
                  00002b34    00000034     driverlib.lib : interrupt.obj (.text:IntRegister)
                  00002b68    00000034                   : sysctl.obj (.text:SysCtlPeripheralEnable)
                  00002b9c    00000034     rtsv7M4_T_le_v4SPD16_eabi.lib : boot_cortex_m.c.obj (.text:_c_int00_noargs:_c_int00_noargs)
                  00002bd0    0000002c     driverlib.lib : gpio.obj (.text:GPIODirModeSet)
                  00002bfc    00000028     rtsv7M4_T_le_v4SPD16_eabi.lib : memory.c.obj (.text:free_list_insert)
                  00002c24    0000001e     driverlib.lib : adc.obj (.text:ADCSequenceDataGet)
                  00002c42    00000002     rtsv7M4_T_le_v4SPD16_eabi.lib : _lock.c.obj (.text:_nop)
                  00002c44    0000001c     driverlib.lib : systick.obj (.text:SysTickIntRegister)
                  00002c60    0000001c     rtsv7M4_T_le_v4SPD16_eabi.lib : memory.c.obj (.text:free_list_remove)
                  00002c7c    0000001a     driverlib.lib : gpio.obj (.text:GPIOPinTypeGPIOOutput)
                  00002c96    00000018                   : adc.obj (.text:ADCIntRegister)
                  00002cae    00000018                   : adc.obj (.text:ADCProcessorTrigger)
                  00002cc6    00000016                   : gpio.obj (.text:GPIOPinTypeSSI)
                  00002cdc    00000014                   : systick.obj (.text:SysTickEnable)
                  00002cf0    00000014                   : systick.obj (.text:SysTickIntEnable)
                  00002d04    00000010                   : adc.obj (.text:ADCIntEnable)
                  00002d14    00000010                   : interrupt.obj (.text:IntMasterEnable)
                  00002d24    00000010                   : systick.obj (.text:SysTickPeriodSet)
                  00002d34    0000000e                   : adc.obj (.text:ADCSequenceEnable)
                  00002d42    0000000e                   : timer.obj (.text:TimerEnable)
                  00002d50    0000000e     rtsv7M4_T_le_v4SPD16_eabi.lib : copy_decompress_none.c.obj (.text:decompress:none:__TI_decompress_none)
                  00002d5e    0000000c     driverlib.lib : cpu.obj (.text:CPUcpsie)
                  00002d6a    0000000c                   : ssi.obj (.text:SSIDataGet)
                  00002d76    0000000c     rtsv7M4_T_le_v4SPD16_eabi.lib : copy_zero_init.c.obj (.text:decompress:ZI:__TI_zero_init)
                  00002d82    0000000c     tm4c123gh6pm_startup_ccs.obj (.text)
                  00002d8e    0000000a     driverlib.lib : adc.obj (.text:ADCIntClear)
                  00002d98    0000000a                   : ssi.obj (.text:SSIDataPut)
                  00002da2    0000000a                   : ssi.obj (.text:SSIEnable)
                  00002dac    0000000a                   : timer.obj (.text:TimerValueGet)
                  00002db6    00000008                   : ssi.obj (.text:SSIBusy)
                  00002dbe    00000008     rtsv7M4_T_le_v4SPD16_eabi.lib : memory.c.obj (.text:malloc)
                  00002dc6    00000006     driverlib.lib : gpio.obj (.text:GPIOPinWrite)
                  00002dcc    00000006                   : ssi.obj (.text:SSIClockSourceSet)
                  00002dd2    00000006                   : sysctl.obj (.text:SysCtlDelay)
                  00002dd8    00000004     rtsv7M4_T_le_v4SPD16_eabi.lib : pre_init.c.obj (.text:_system_pre_init)
                  00002ddc    00000004                                   : exit.c.obj (.text:abort:abort)
                  00002de0    00000002                                   : div0.asm.obj (.text)

.const     0    00002de4    000004b0     
                  00002de4    00000300     ChrFont0.obj (.const:.string:rgbOledFont0)
                  000030e4    00000090     driverlib.lib : gpio.obj (.const:g_pui32GPIOBaseAddrs)
                  00003174    0000006c                   : sysctl.obj (.const:g_pui32Xtals)
                  000031e0    00000040     FillPat.obj (.const:.string:rgbFillPat)
                  00003220    00000030     ustdlib.obj (.const:g_psDaysToMonth)
                  00003250    00000018     ustdlib.obj (.const:g_pfExponents)
                  00003268    00000014     driverlib.lib : interrupt.obj (.const:g_pui32EnRegs)
                  0000327c    00000012     ustdlib.obj (.const:.string)
                  0000328e    00000002     --HOLE-- [fill = 0]
                  00003290    00000004     ustdlib.obj (.const)

.cinit     0    00003298    00000048     
                  00003298    00000010     (.cinit..data.load) [load image, compression = lzss]
                  000032a8    0000000c     (__TI_handler_table)
                  000032b4    00000004     --HOLE-- [fill = 0]
                  000032b8    00000008     (.cinit..bss.load) [load image, compression = zero_init]
                  000032c0    00000008     (.cinit..vtable.load) [load image, compression = zero_init]
                  000032c8    00000018     (__TI_cinit_table)

.init_array 
*          0    00000000    00000000     UNINITIALIZED

.vtable    0    20000000    0000026c     UNINITIALIZED
                  20000000    0000026c     driverlib.lib : interrupt.obj (.vtable)

.bss       0    2000026c    00000355     UNINITIALIZED
                  2000026c    00000200     (.common:rgbOledBmp)
                  2000046c    00000100     (.common:rgbOledFontUser)
                  2000056c    00000010     ADCdemo2.obj (.bss:g_inBuffer)
                  2000057c    00000004     ADCdemo2.obj (.bss)
                  20000580    00000004     (.common:bnOledCur)
                  20000584    00000004     (.common:dxcoOledFontCur)
                  20000588    00000004     (.common:dycoOledFontCur)
                  2000058c    00000004     (.common:fOledCharUpdate)
                  20000590    00000004     (.common:modOledCur)
                  20000594    00000004     (.common:pbOledCur)
                  20000598    00000004     (.common:pbOledFontCur)
                  2000059c    00000004     (.common:pbOledFontUser)
                  200005a0    00000004     (.common:pbOledPatCur)
                  200005a4    00000004     (.common:pfnDoRop)
                  200005a8    00000004     (.common:xchOledCur)
                  200005ac    00000004     (.common:xchOledMax)
                  200005b0    00000004     (.common:xcoOledCur)
                  200005b4    00000004     (.common:ychOledCur)
                  200005b8    00000004     (.common:ychOledMax)
                  200005bc    00000004     (.common:ycoOledCur)
                  200005c0    00000001     (.common:clrOledCur)

.stack     0    200005c8    00000200     UNINITIALIZED
                  200005c8    00000004     rtsv7M4_T_le_v4SPD16_eabi.lib : boot_cortex_m.c.obj (.stack)
                  200005cc    000001fc     --HOLE--

.sysmem    0    200007c8    00000100     UNINITIALIZED
                  200007c8    00000010     rtsv7M4_T_le_v4SPD16_eabi.lib : memory.c.obj (.sysmem)
                  200007d8    000000f0     --HOLE--

.data      0    200008c8    00000014     UNINITIALIZED
                  200008c8    00000008     rtsv7M4_T_le_v4SPD16_eabi.lib : _lock.c.obj (.data:$O1$$)
                  200008d0    00000008                                   : memory.c.obj (.data:$O1$$)
                  200008d8    00000004     ustdlib.obj (.data)

__llvm_prf_cnts 
*          0    20000000    00000000     UNINITIALIZED

MODULE SUMMARY

       Module                         code    ro data   rw data
       ------                         ----    -------   -------
    .\
       ustdlib.obj                    3204    94        4      
       tm4c123gh6pm_startup_ccs.obj   12      620       0      
       ADCdemo2.obj                   432     0         20     
       circBufT.obj                   184     0         0      
    +--+------------------------------+-------+---------+---------+
       Total:                         3832    714       24     
                                                               
    .\OrbitOLED\
       OrbitOLEDInterface.obj         68      0         0      
    +--+------------------------------+-------+---------+---------+
       Total:                         68      0         0      
                                                               
    .\OrbitOLED\lib_OrbitOled\
       OrbitOledGrph.obj              2384    0         8      
       OrbitOled.obj                  892     0         553    
       OrbitOledChar.obj              516     0         272    
       ChrFont0.obj                   0       768       0      
       delay.obj                      92      0         0      
       FillPat.obj                    0       64        0      
    +--+------------------------------+-------+---------+---------+
       Total:                         3884    832       833    
                                                               
    C:/ti/TivaWare_C_Series-2.2.0.295/driverlib/ccs/Debug/driverlib.lib
       interrupt.obj                  172     20        620    
       sysctl.obj                     582     108       0      
       gpio.obj                       538     144       0      
       adc.obj                        396     0         0      
       timer.obj                      120     0         0      
       ssi.obj                        106     0         0      
       systick.obj                    84      0         0      
       cpu.obj                        12      0         0      
    +--+------------------------------+-------+---------+---------+
       Total:                         2010    272       620    
                                                               
    C:\ti\ccs1250\ccs\tools\compiler\ti-cgt-arm_20.2.7.LTS\lib\rtsv7M4_T_le_v4SPD16_eabi.lib
       memory.c.obj                   728     0         8      
       memcpy_t2.asm.obj              156     0         0      
       memset_t2.asm.obj              122     0         0      
       copy_decompress_lzss.c.obj     104     0         0      
       autoinit.c.obj                 68      0         0      
       u_divt2.asm.obj                64      0         0      
       boot_cortex_m.c.obj            52      0         0      
       copy_decompress_none.c.obj     14      0         0      
       copy_zero_init.c.obj           12      0         0      
       _lock.c.obj                    2       0         8      
       exit.c.obj                     4       0         0      
       pre_init.c.obj                 4       0         0      
       div0.asm.obj                   2       0         0      
    +--+------------------------------+-------+---------+---------+
       Total:                         1332    0         16     
                                                               
       Heap:                          0       0         256    
       Stack:                         0       0         512    
       Linker Generated:              0       68        0      
    +--+------------------------------+-------+---------+---------+
       Grand Total:                   11126   1886      2261   


LINKER GENERATED COPY TABLES

__TI_cinit_table @ 000032c8 records: 3, size/record: 8, table size: 24
	.data: load addr=00003298, load size=00000010 bytes, run addr=200008c8, run size=00000014 bytes, compression=lzss
	.bss: load addr=000032b8, load size=00000008 bytes, run addr=2000026c, run size=00000355 bytes, compression=zero_init
	.vtable: load addr=000032c0, load size=00000008 bytes, run addr=20000000, run size=0000026c bytes, compression=zero_init


LINKER GENERATED HANDLER TABLE

__TI_handler_table @ 000032a8 records: 3, size/record: 4, table size: 12
	index: 0, handler: __TI_zero_init
	index: 1, handler: __TI_decompress_lzss
	index: 2, handler: __TI_decompress_none


GLOBAL SYMBOLS: SORTED ALPHABETICALLY BY Name 

address   name                          
-------   ----                          
00002d8f  ADCIntClear                   
00002d05  ADCIntEnable                  
00001dd5  ADCIntHandler                 
00002c97  ADCIntRegister                
00002caf  ADCProcessorTrigger           
00002961  ADCSequenceConfigure          
00002c25  ADCSequenceDataGet            
00002d35  ADCSequenceEnable             
00002621  ADCSequenceStepConfigure      
00002ddd  C$$EXIT                       
00002d5f  CPUcpsie                      
000028b5  DelayInit                     
000028cf  DelayMs                       
00002bd1  GPIODirModeSet                
00001f71  GPIOPadConfigSet              
000029ad  GPIOPinConfigure              
00002c7d  GPIOPinTypeGPIOOutput         
00002cc7  GPIOPinTypeSSI                
00002dc7  GPIOPinWrite                  
00002785  IntEnable                     
00002d15  IntMasterEnable               
00002b35  IntRegister                   
00002a1f  OLEDInitialise                
000029f9  OLEDStringDraw                
00001d55  OrbitOledAdvanceCursor        
000017e1  OrbitOledClampXco             
00001801  OrbitOledClampYco             
00001a1d  OrbitOledClear                
00001a29  OrbitOledClearBuffer          
00001c25  OrbitOledDefUserChar          
00001999  OrbitOledDevInit              
00001623  OrbitOledDrawChar             
00001cdd  OrbitOledDrawGlyph            
00000fe7  OrbitOledDrawPixel            
0000112d  OrbitOledDrawRect             
00001683  OrbitOledDrawString           
0000191f  OrbitOledDvrInit              
000011b1  OrbitOledFillRect             
000012f5  OrbitOledGetBmp               
00001c8d  OrbitOledGetCharUpdate        
00001c09  OrbitOledGetCursor            
00000fe1  OrbitOledGetDrawMode          
00001013  OrbitOledGetPixel             
00000f37  OrbitOledGetPos               
00000f6b  OrbitOledGetStdPattern        
00001855  OrbitOledHostInit             
00001841  OrbitOledInit                 
0000102d  OrbitOledLineTo               
00001779  OrbitOledMoveDown             
000017af  OrbitOledMoveLeft             
000017c7  OrbitOledMoveRight            
00000ef1  OrbitOledMoveTo               
00001741  OrbitOledMoveUp               
00001455  OrbitOledPutBmp               
00001ab3  OrbitOledPutBuffer            
00001c93  OrbitOledPutChar              
00001cb1  OrbitOledPutString            
000016ef  OrbitOledRopAnd               
000016cb  OrbitOledRopOr                
000016a1  OrbitOledRopSet               
00001713  OrbitOledRopXor               
00001c75  OrbitOledSetCharUpdate        
00001bbd  OrbitOledSetCursor            
00000f53  OrbitOledSetDrawColor         
00000f8d  OrbitOledSetDrawMode          
00000f7d  OrbitOledSetFillPattern       
00001a59  OrbitOledUpdate               
00002d83  ResetISR                      
00002db7  SSIBusy                       
00002dcd  SSIClockSourceSet             
00002ac1  SSIConfigSetExpClk            
00002d6b  SSIDataGet                    
00002d99  SSIDataPut                    
00002da3  SSIEnable                     
00001b19  Ssi3PutByte                   
000020dd  SysCtlClockGet                
000022f5  SysCtlClockSet                
00002dd3  SysCtlDelay                   
00002b69  SysCtlPeripheralEnable        
00002cdd  SysTickEnable                 
00002cf1  SysTickIntEnable              
00001dc1  SysTickIntHandler             
00002c45  SysTickIntRegister            
00002d25  SysTickPeriodSet              
00002855  TimerConfigure                
00002d43  TimerEnable                   
00002dad  TimerValueGet                 
200007c8  __STACK_END                   
00000200  __STACK_SIZE                  
200007c8  __STACK_TOP                   
00000100  __SYSMEM_SIZE                 
000032c8  __TI_CINIT_Base               
000032e0  __TI_CINIT_Limit              
000032a8  __TI_Handler_Table_Base       
000032b4  __TI_Handler_Table_Limit      
00002a3d  __TI_auto_init_nobinit_nopinit
000027ed  __TI_decompress_lzss          
00002d51  __TI_decompress_none          
ffffffff  __TI_pprof_out_hndl           
ffffffff  __TI_prof_data_size           
ffffffff  __TI_prof_data_start          
00000000  __TI_static_base__            
00002d77  __TI_zero_init                
00002de1  __aeabi_idiv0                 
00002de1  __aeabi_ldiv0                 
0000269b  __aeabi_memclr                
0000269b  __aeabi_memclr4               
0000269b  __aeabi_memclr8               
00002585  __aeabi_memcpy                
00002585  __aeabi_memcpy4               
00002585  __aeabi_memcpy8               
0000269d  __aeabi_memset                
0000269d  __aeabi_memset4               
0000269d  __aeabi_memset8               
00002a81  __aeabi_uidiv                 
00002a81  __aeabi_uidivmod              
ffffffff  __binit__                     
ffffffff  __c_args__                    
UNDEFED   __mpu_init                    
200005c8  __stack                       
20000000  __start___llvm_prf_cnts       
20000000  __stop___llvm_prf_cnts        
00002b9d  _c_int00_noargs               
200008c8  _lock                         
00002c43  _nop                          
200007c8  _sys_memory                   
UNDEFED   _system_post_cinit            
00002dd9  _system_pre_init              
200008cc  _unlock                       
00002ddd  abort                         
000021f5  aligned_alloc                 
ffffffff  binit                         
20000580  bnOledCur                     
00002afd  calloc                        
200005c0  clrOledCur                    
00001e63  displayMeanVal                
20000584  dxcoOledFontCur               
20000588  dycoOledFontCur               
2000058c  fOledCharUpdate               
000023e9  free                          
0000255f  freeCircBuf                   
20000000  g_pfnRAMVectors               
00000000  g_pfnVectors                  
00001e19  initADC                       
000024cd  initCircBuf                   
00001df3  initClock                     
00001e5b  initDisplay                   
00001eb3  main                          
00002dbf  malloc                        
000021f5  memalign                      
00002585  memcpy                        
000026a3  memset                        
20000590  modOledCur                    
20000594  pbOledCur                     
20000598  pbOledFontCur                 
2000059c  pbOledFontUser                
200005a0  pbOledPatCur                  
200005a4  pfnDoRop                      
0000252b  readCircBuf                   
000031e0  rgbFillPat                    
2000026c  rgbOledBmp                    
00002de4  rgbOledFont0                  
2000046c  rgbOledFontUser               
00000751  ulocaltime                    
0000094f  umktime                       
00000ec9  urand                         
00000721  usnprintf                     
000006ef  usprintf                      
00000eb9  usrand                        
00000e31  ustrcasecmp                   
00000ea5  ustrcmp                       
00000d35  ustrlen                       
00000d8d  ustrncasecmp                  
00000e45  ustrncmp                      
0000026d  ustrncpy                      
00000d57  ustrstr                       
00000afd  ustrtof                       
000009c5  ustrtoul                      
000002c5  uvsnprintf                    
000024f7  writeCircBuf                  
200005a8  xchOledCur                    
200005ac  xchOledMax                    
200005b0  xcoOledCur                    
200005b4  ychOledCur                    
200005b8  ychOledMax                    
200005bc  ycoOledCur                    


GLOBAL SYMBOLS: SORTED BY Symbol Address 

address   name                          
-------   ----                          
00000000  __TI_static_base__            
00000000  g_pfnVectors                  
00000100  __SYSMEM_SIZE                 
00000200  __STACK_SIZE                  
0000026d  ustrncpy                      
000002c5  uvsnprintf                    
000006ef  usprintf                      
00000721  usnprintf                     
00000751  ulocaltime                    
0000094f  umktime                       
000009c5  ustrtoul                      
00000afd  ustrtof                       
00000d35  ustrlen                       
00000d57  ustrstr                       
00000d8d  ustrncasecmp                  
00000e31  ustrcasecmp                   
00000e45  ustrncmp                      
00000ea5  ustrcmp                       
00000eb9  usrand                        
00000ec9  urand                         
00000ef1  OrbitOledMoveTo               
00000f37  OrbitOledGetPos               
00000f53  OrbitOledSetDrawColor         
00000f6b  OrbitOledGetStdPattern        
00000f7d  OrbitOledSetFillPattern       
00000f8d  OrbitOledSetDrawMode          
00000fe1  OrbitOledGetDrawMode          
00000fe7  OrbitOledDrawPixel            
00001013  OrbitOledGetPixel             
0000102d  OrbitOledLineTo               
0000112d  OrbitOledDrawRect             
000011b1  OrbitOledFillRect             
000012f5  OrbitOledGetBmp               
00001455  OrbitOledPutBmp               
00001623  OrbitOledDrawChar             
00001683  OrbitOledDrawString           
000016a1  OrbitOledRopSet               
000016cb  OrbitOledRopOr                
000016ef  OrbitOledRopAnd               
00001713  OrbitOledRopXor               
00001741  OrbitOledMoveUp               
00001779  OrbitOledMoveDown             
000017af  OrbitOledMoveLeft             
000017c7  OrbitOledMoveRight            
000017e1  OrbitOledClampXco             
00001801  OrbitOledClampYco             
00001841  OrbitOledInit                 
00001855  OrbitOledHostInit             
0000191f  OrbitOledDvrInit              
00001999  OrbitOledDevInit              
00001a1d  OrbitOledClear                
00001a29  OrbitOledClearBuffer          
00001a59  OrbitOledUpdate               
00001ab3  OrbitOledPutBuffer            
00001b19  Ssi3PutByte                   
00001bbd  OrbitOledSetCursor            
00001c09  OrbitOledGetCursor            
00001c25  OrbitOledDefUserChar          
00001c75  OrbitOledSetCharUpdate        
00001c8d  OrbitOledGetCharUpdate        
00001c93  OrbitOledPutChar              
00001cb1  OrbitOledPutString            
00001cdd  OrbitOledDrawGlyph            
00001d55  OrbitOledAdvanceCursor        
00001dc1  SysTickIntHandler             
00001dd5  ADCIntHandler                 
00001df3  initClock                     
00001e19  initADC                       
00001e5b  initDisplay                   
00001e63  displayMeanVal                
00001eb3  main                          
00001f71  GPIOPadConfigSet              
000020dd  SysCtlClockGet                
000021f5  aligned_alloc                 
000021f5  memalign                      
000022f5  SysCtlClockSet                
000023e9  free                          
000024cd  initCircBuf                   
000024f7  writeCircBuf                  
0000252b  readCircBuf                   
0000255f  freeCircBuf                   
00002585  __aeabi_memcpy                
00002585  __aeabi_memcpy4               
00002585  __aeabi_memcpy8               
00002585  memcpy                        
00002621  ADCSequenceStepConfigure      
0000269b  __aeabi_memclr                
0000269b  __aeabi_memclr4               
0000269b  __aeabi_memclr8               
0000269d  __aeabi_memset                
0000269d  __aeabi_memset4               
0000269d  __aeabi_memset8               
000026a3  memset                        
00002785  IntEnable                     
000027ed  __TI_decompress_lzss          
00002855  TimerConfigure                
000028b5  DelayInit                     
000028cf  DelayMs                       
00002961  ADCSequenceConfigure          
000029ad  GPIOPinConfigure              
000029f9  OLEDStringDraw                
00002a1f  OLEDInitialise                
00002a3d  __TI_auto_init_nobinit_nopinit
00002a81  __aeabi_uidiv                 
00002a81  __aeabi_uidivmod              
00002ac1  SSIConfigSetExpClk            
00002afd  calloc                        
00002b35  IntRegister                   
00002b69  SysCtlPeripheralEnable        
00002b9d  _c_int00_noargs               
00002bd1  GPIODirModeSet                
00002c25  ADCSequenceDataGet            
00002c43  _nop                          
00002c45  SysTickIntRegister            
00002c7d  GPIOPinTypeGPIOOutput         
00002c97  ADCIntRegister                
00002caf  ADCProcessorTrigger           
00002cc7  GPIOPinTypeSSI                
00002cdd  SysTickEnable                 
00002cf1  SysTickIntEnable              
00002d05  ADCIntEnable                  
00002d15  IntMasterEnable               
00002d25  SysTickPeriodSet              
00002d35  ADCSequenceEnable             
00002d43  TimerEnable                   
00002d51  __TI_decompress_none          
00002d5f  CPUcpsie                      
00002d6b  SSIDataGet                    
00002d77  __TI_zero_init                
00002d83  ResetISR                      
00002d8f  ADCIntClear                   
00002d99  SSIDataPut                    
00002da3  SSIEnable                     
00002dad  TimerValueGet                 
00002db7  SSIBusy                       
00002dbf  malloc                        
00002dc7  GPIOPinWrite                  
00002dcd  SSIClockSourceSet             
00002dd3  SysCtlDelay                   
00002dd9  _system_pre_init              
00002ddd  C$$EXIT                       
00002ddd  abort                         
00002de1  __aeabi_idiv0                 
00002de1  __aeabi_ldiv0                 
00002de4  rgbOledFont0                  
000031e0  rgbFillPat                    
000032a8  __TI_Handler_Table_Base       
000032b4  __TI_Handler_Table_Limit      
000032c8  __TI_CINIT_Base               
000032e0  __TI_CINIT_Limit              
20000000  __start___llvm_prf_cnts       
20000000  __stop___llvm_prf_cnts        
20000000  g_pfnRAMVectors               
2000026c  rgbOledBmp                    
2000046c  rgbOledFontUser               
20000580  bnOledCur                     
20000584  dxcoOledFontCur               
20000588  dycoOledFontCur               
2000058c  fOledCharUpdate               
20000590  modOledCur                    
20000594  pbOledCur                     
20000598  pbOledFontCur                 
2000059c  pbOledFontUser                
200005a0  pbOledPatCur                  
200005a4  pfnDoRop                      
200005a8  xchOledCur                    
200005ac  xchOledMax                    
200005b0  xcoOledCur                    
200005b4  ychOledCur                    
200005b8  ychOledMax                    
200005bc  ycoOledCur                    
200005c0  clrOledCur                    
200005c8  __stack                       
200007c8  __STACK_END                   
200007c8  __STACK_TOP                   
200007c8  _sys_memory                   
200008c8  _lock                         
200008cc  _unlock                       
ffffffff  __TI_pprof_out_hndl           
ffffffff  __TI_prof_data_size           
ffffffff  __TI_prof_data_start          
ffffffff  __binit__                     
ffffffff  __c_args__                    
ffffffff  binit                         
UNDEFED   __mpu_init                    
UNDEFED   _system_post_cinit            

[186 symbols]
